$ next build
Γû▓ Next.js 16.1.6 (Turbopack)
- Environments: .env

  Creating an optimized production build ...

> Build error occurred
Error: Turbopack build failed with 2 errors:
./app/products/page.tsx:10:1
Module not found: Can't resolve '@/components/ui/alert'
   8 | import ProductCard from "@/components/shared/ProductCard";
   9 | import ProductFilters from "./components/ProductFilters";
> 10 | import { Alert, AlertDescription, AlertTitle } from "@/components/ui/alert";
     | ^^^^^^^^^^^^^^^^^^^^^^^^^^^^^^^^^^^^^^^^^^^^^^^^^^^^^^^^^^^^^^^^^^^^^^^^^^^^
  11 | import { Skeleton } from "@/components/ui/skeleton";
  12 |
  13 | export const metadata: Metadata = {

Import map: aliased to relative './components/ui/alert' inside of [project]/


https://nextjs.org/docs/messages/module-not-found


./app/products/components/ProductFilters.tsx:19:1
Module not found: Can't resolve '@/components/ui/scroll-area'
  17 | 	SheetTrigger,
  18 | } from "@/components/ui/sheet";
> 19 | import { ScrollArea } from "@/components/ui/scroll-area";
     | ^^^^^^^^^^^^^^^^^^^^^^^^^^^^^^^^^^^^^^^^^^^^^^^^^^^^^^^^^
  20 | import type { Category } from "@/types/category";
  21 | import { categoryService } from "@/services/categoryService";
  22 | import { cn } from "@/lib/utils";

Import map: aliased to relative './components/ui/scroll-area' inside of [project]/


Import trace:
  Server Component:
    ./app/products/components/ProductFilters.tsx
    ./app/products/page.tsx

https://nextjs.org/docs/messages/module-not-found


    at <unknown> (./app/products/page.tsx:10:1)
    at <unknown> (https://nextjs.org/docs/messages/module-not-found)
    at <unknown> (./app/products/components/ProductFilters.tsx:19:1)
    at <unknown> (https://nextjs.org/docs/messages/module-not-found)
error: script "build" exited with code 1
