$ next build
Γû▓ Next.js 16.1.6 (Turbopack)
- Environments: .env

ΓÜá The "middleware" file convention is deprecated. Please use "proxy" instead. Learn more: https://nextjs.org/docs/messages/middleware-to-proxy
  Creating an optimized production build ...
Γ£ô Compiled successfully in 4.1s
  Running TypeScript ...
  Collecting page data using 11 workers ...
  Generating static pages using 11 workers (0/11) ...
  Generating static pages using 11 workers (2/11) 
  Generating static pages using 11 workers (5/11) 
  Generating static pages using 11 workers (8/11) 
Failed to fetch products: 400
Error occurred prerendering page "/". Read more: https://nextjs.org/docs/messages/prerender-error
Error: Functions cannot be passed directly to Client Components unless you explicitly expose it by marking it with "use server". Or maybe you meant to call this function rather than return it.
  {name: ..., options: ..., init: function init, destroy: ..., play: ..., stop: ..., reset: ..., isPlaying: ..., timeUntilNext: ...}
                                  ^^^^^^^^^^^^^
    at stringify (<anonymous>) {
  digest: '3562846797'
}
Export encountered an error on /page: /, exiting the build.
Γ¿» Next.js build worker exited with code: 1 and signal: null
error: script "build" exited with code 1
